[triper.dexignlab.com/xhtml/index.html]
[backblue.gif]
[fade.gif]
[index.html]
[triper.dexignlab.com/xhtml/images/favicon.ico]
[triper.dexignlab.com/xhtml/images/favicon.png]
[triper.dexignlab.com/xhtml/hotel.html]
[triper.dexignlab.com/xhtml/place.html]
[triper.dexignlab.com/xhtml/packages.html]
[triper.dexignlab.com/xhtml/login.html]
[triper.dexignlab.com/xhtml/register.html]
[triper.dexignlab.com/xhtml/images/logo.png]
[triper.dexignlab.com/xhtml/index-2.html]
[triper.dexignlab.com/xhtml/add-listing.html]
[triper.dexignlab.com/xhtml/listing-details-1.html]
[triper.dexignlab.com/xhtml/listing-details-2.html]
[triper.dexignlab.com/xhtml/about-us.html]
[triper.dexignlab.com/xhtml/booking-details.html]
[triper.dexignlab.com/xhtml/gallery.html]
[triper.dexignlab.com/xhtml/calendar.html]
[triper.dexignlab.com/xhtml/coming-soon.html]
[triper.dexignlab.com/xhtml/error-404.html]
[triper.dexignlab.com/xhtml/register-2.html]
[triper.dexignlab.com/xhtml/hotel-booking.html]
[triper.dexignlab.com/xhtml/blog-classic.html]
[triper.dexignlab.com/xhtml/blog-classic-sidebar.html]
[triper.dexignlab.com/xhtml/blog-detailed-grid.html]
[triper.dexignlab.com/xhtml/blog-detailed-grid-sidebar.html]
[triper.dexignlab.com/xhtml/blog-left-img.html]
[triper.dexignlab.com/xhtml/blog-details.html]
[triper.dexignlab.com/xhtml/portfolio-grid-2.html]
[triper.dexignlab.com/xhtml/portfolio-grid-3.html]
[triper.dexignlab.com/xhtml/portfolio-grid-4.html]
[triper.dexignlab.com/xhtml/contact.html]
[triper.dexignlab.com/xhtml/images/main-slider/slide1.jpg]
[triper.dexignlab.com/xhtml/images/main-slider/slide2.jpg]
[triper.dexignlab.com/xhtml/images/background/bg1.jpg]
[triper.dexignlab.com/xhtml/images/our-work/pic1.jpg]
[triper.dexignlab.com/xhtml/images/our-work/pic2.jpg]
[triper.dexignlab.com/xhtml/images/our-work/pic3.jpg]
[triper.dexignlab.com/xhtml/images/our-work/pic4.jpg]
[triper.dexignlab.com/xhtml/images/our-work/pic5.jpg]
[triper.dexignlab.com/xhtml/images/our-work/pic6.jpg]
[triper.dexignlab.com/xhtml/images/background/bg3.jpg]
[triper.dexignlab.com/xhtml/images/gallery/destinations/pic1.jpg]
[triper.dexignlab.com/xhtml/images/gallery/destinations/pic2.jpg]
[triper.dexignlab.com/xhtml/images/gallery/destinations/pic3.jpg]
[triper.dexignlab.com/xhtml/images/gallery/destinations/pic4.jpg]
[triper.dexignlab.com/xhtml/images/gallery/destinations/pic5.jpg]
[triper.dexignlab.com/xhtml/images/gallery/img4.jpg]
[triper.dexignlab.com/xhtml/images/gallery/img3.jpg]
[triper.dexignlab.com/xhtml/images/gallery/img5.jpg]
[triper.dexignlab.com/xhtml/images/gallery/img6.jpg]
[triper.dexignlab.com/xhtml/images/gallery/img1.jpg]
[triper.dexignlab.com/xhtml/images/gallery/small/img1.jpg]
[triper.dexignlab.com/xhtml/images/gallery/img2.jpg]
[triper.dexignlab.com/xhtml/images/gallery/small/img2.jpg]
[triper.dexignlab.com/xhtml/images/gallery/small/img3.jpg]
[triper.dexignlab.com/xhtml/images/gallery/small/img4.jpg]
[triper.dexignlab.com/xhtml/images/gallery/small/img5.jpg]
[triper.dexignlab.com/xhtml/images/gallery/small/img6.jpg]
[triper.dexignlab.com/xhtml/images/gallery/img7.jpg]
[triper.dexignlab.com/xhtml/images/gallery/small/img7.jpg]
[triper.dexignlab.com/xhtml/images/gallery/img8.jpg]
[triper.dexignlab.com/xhtml/images/gallery/small/img8.jpg]
[triper.dexignlab.com/xhtml/images/gallery/img9.jpg]
[triper.dexignlab.com/xhtml/images/gallery/small/img9.jpg]
[triper.dexignlab.com/xhtml/index.html]
[triper.dexignlab.com/xhtml/css/plugins.min.css]
[triper.dexignlab.com/xhtml/plugins/fontawesome/fonts/fontawesome-webfont3e6e.eot]
[triper.dexignlab.com/xhtml/plugins/fontawesome/fonts/fontawesome-webfontd41d.eot]
[triper.dexignlab.com/xhtml/plugins/fontawesome/fonts/fontawesome-webfont3e6e.woff2]
[triper.dexignlab.com/xhtml/plugins/fontawesome/fonts/fontawesome-webfont3e6e.woff]
[triper.dexignlab.com/xhtml/plugins/fontawesome/fonts/fontawesome-webfont3e6e.ttf]
[triper.dexignlab.com/xhtml/plugins/fontawesome/css/font-awesome.min.css]
[triper.dexignlab.com/xhtml/plugins/line-awesome/fonts/line-awesomeeb4f.eot]
[triper.dexignlab.com/xhtml/plugins/line-awesome/fonts/line-awesome0176.eot]
[triper.dexignlab.com/xhtml/plugins/line-awesome/fonts/line-awesomeeb4f.woff2]
[triper.dexignlab.com/xhtml/plugins/line-awesome/fonts/line-awesomeeb4f.woff]
[triper.dexignlab.com/xhtml/plugins/line-awesome/fonts/line-awesomeeb4f.ttf]
[triper.dexignlab.com/xhtml/plugins/line-awesome/css/line-awesome.min.css]
[triper.dexignlab.com/xhtml/plugins/themify/fonts/themify9f24.eot]
[triper.dexignlab.com/xhtml/plugins/themify/fonts/themifyd41d.eot]
[triper.dexignlab.com/xhtml/plugins/themify/fonts/themify9f24.woff]
[triper.dexignlab.com/xhtml/plugins/themify/fonts/themify9f24.ttf]
[triper.dexignlab.com/xhtml/plugins/themify/themify-icons.css]
[triper.dexignlab.com/xhtml/plugins/simple-icon/fonts/Simple-Line-Iconsb26c.eot]
[triper.dexignlab.com/xhtml/plugins/simple-icon/fonts/Simple-Line-Iconsb26c.woff2]
[triper.dexignlab.com/xhtml/plugins/simple-icon/fonts/Simple-Line-Iconsb26c.ttf]
[triper.dexignlab.com/xhtml/plugins/simple-icon/fonts/Simple-Line-Iconsb26c.woff]
[triper.dexignlab.com/xhtml/plugins/simple-icon/css/simple-line-icons.css]
[triper.dexignlab.com/xhtml/images/banner/bnr1.jpg]
[triper.dexignlab.com/xhtml/css/style.min.css]
[triper.dexignlab.com/xhtml/images/background/bg6.jpg]
[triper.dexignlab.com/xhtml/images/like.png]
[triper.dexignlab.com/xhtml/css/templete.min.css]
[triper.dexignlab.com/xhtml/css/skin/skin-1.css]
[triper.dexignlab.com/xhtml/plugins/revolution/revolution/css/layers.css]
[triper.dexignlab.com/xhtml/plugins/revolution/revolution/fonts/revicons/revicons90c6.eot]
[triper.dexignlab.com/xhtml/plugins/revolution/revolution/fonts/revicons/revicons90c6.woff]
[triper.dexignlab.com/xhtml/plugins/revolution/revolution/fonts/revicons/revicons90c6.ttf]
[triper.dexignlab.com/xhtml/plugins/revolution/revolution/assets/gridtile.png]
[triper.dexignlab.com/xhtml/plugins/revolution/revolution/assets/gridtile_white.png]
[triper.dexignlab.com/xhtml/plugins/revolution/revolution/assets/gridtile_3x3.png]
[triper.dexignlab.com/xhtml/plugins/revolution/revolution/assets/gridtile_3x3_white.png]
[triper.dexignlab.com/xhtml/plugins/revolution/revolution/assets/coloredbg.png]
[triper.dexignlab.com/xhtml/plugins/revolution/revolution/assets/loader.gif]
[triper.dexignlab.com/xhtml/plugins/revolution/revolution/css/settings.css]
[triper.dexignlab.com/xhtml/plugins/revolution/revolution/css/navigation.css]
[triper.dexignlab.com/xhtml/hotel.html]
[triper.dexignlab.com/xhtml/images/add/add-bnr.jpg]
[triper.dexignlab.com/xhtml/place.html]
[triper.dexignlab.com/xhtml/packages.html]
[triper.dexignlab.com/xhtml/images/banner/bnr2.jpg]
[triper.dexignlab.com/xhtml/login.html]
[triper.dexignlab.com/xhtml/register.html]
[triper.dexignlab.com/xhtml/images/logo-2.png]
[triper.dexignlab.com/xhtml/images/main-slider/slide3.jpg]
[triper.dexignlab.com/xhtml/images/main-slider/slide4.jpg]
[triper.dexignlab.com/xhtml/images/featured/pic1.jpg]
[triper.dexignlab.com/xhtml/images/featured/pic2.jpg]
[triper.dexignlab.com/xhtml/images/featured/pic3.jpg]
[triper.dexignlab.com/xhtml/images/featured/pic4.jpg]
[triper.dexignlab.com/xhtml/images/featured/pic5.jpg]
[triper.dexignlab.com/xhtml/images/tour/pic1.jpg]
[triper.dexignlab.com/xhtml/images/testimonials/pic1.jpg]
[triper.dexignlab.com/xhtml/images/tour/pic3.jpg]
[triper.dexignlab.com/xhtml/images/testimonials/pic2.jpg]
[triper.dexignlab.com/xhtml/images/tour/pic6.jpg]
[triper.dexignlab.com/xhtml/images/testimonials/pic3.jpg]
[triper.dexignlab.com/xhtml/images/blog/grid/pic1.jpg]
[triper.dexignlab.com/xhtml/images/blog/grid/pic2.jpg]
[triper.dexignlab.com/xhtml/images/blog/grid/pic3.jpg]
[triper.dexignlab.com/xhtml/images/gallery/pic1.jpg]
[triper.dexignlab.com/xhtml/images/gallery/pic2.jpg]
[triper.dexignlab.com/xhtml/images/gallery/pic3.jpg]
[triper.dexignlab.com/xhtml/images/gallery/pic4.jpg]
[triper.dexignlab.com/xhtml/images/gallery/pic5.jpg]
[triper.dexignlab.com/xhtml/images/gallery/pic6.jpg]
[triper.dexignlab.com/xhtml/images/gallery/pic7.jpg]
[triper.dexignlab.com/xhtml/images/gallery/pic8.jpg]
[triper.dexignlab.com/xhtml/images/gallery/pic9.jpg]
[triper.dexignlab.com/xhtml/index-2.html]
[triper.dexignlab.com/xhtml/add-listing.html]
[triper.dexignlab.com/xhtml/images/blog/recent-blog/pic1.jpg]
[triper.dexignlab.com/xhtml/images/blog/recent-blog/pic2.jpg]
[triper.dexignlab.com/xhtml/images/blog/recent-blog/pic3.jpg]
[triper.dexignlab.com/xhtml/listing-details-1.html]
[triper.dexignlab.com/xhtml/listing-details-2.html]
[triper.dexignlab.com/xhtml/images/blog/default/thum2.jpg]
[triper.dexignlab.com/xhtml/images/blog/default/thum3.jpg]
[triper.dexignlab.com/xhtml/images/blog/grid/pic4.jpg]
[triper.dexignlab.com/xhtml/about-us.html]
[triper.dexignlab.com/xhtml/images/tour/pic2.jpg]
[triper.dexignlab.com/xhtml/images/tour/pic4.jpg]
[triper.dexignlab.com/xhtml/images/tour/pic5.jpg]
[triper.dexignlab.com/xhtml/images/tour/pic7.jpg]
[triper.dexignlab.com/xhtml/images/tour/pic8.jpg]
[triper.dexignlab.com/xhtml/images/tour/pic9.jpg]
[triper.dexignlab.com/xhtml/images/tour/pic10.jpg]
[triper.dexignlab.com/xhtml/images/tour/pic-thumb1.jpg]
[triper.dexignlab.com/xhtml/images/tour/pic-thumb2.jpg]
[triper.dexignlab.com/xhtml/images/tour/pic-thumb3.jpg]
[triper.dexignlab.com/xhtml/images/tour/pic-thumb4.jpg]
[triper.dexignlab.com/xhtml/images/tour/pic-thumb5.jpg]
[triper.dexignlab.com/xhtml/images/tour/pic-thumb6.jpg]
[triper.dexignlab.com/xhtml/images/tour/pic-thumb7.jpg]
[triper.dexignlab.com/xhtml/images/tour/pic-thumb8.jpg]
[triper.dexignlab.com/xhtml/images/tour/pic-thumb9.jpg]
[triper.dexignlab.com/xhtml/images/tour/pic-thumb10.jpg]
[triper.dexignlab.com/xhtml/booking-details.html]
[triper.dexignlab.com/xhtml/images/background/bg2.jpg]
[triper.dexignlab.com/xhtml/images/background/bg4.jpg]
[triper.dexignlab.com/xhtml/gallery.html]
[triper.dexignlab.com/xhtml/calendar.html]
[triper.dexignlab.com/xhtml/coming-soon.html]
[triper.dexignlab.com/xhtml/images/background/bg5.jpg]
[triper.dexignlab.com/xhtml/images/collage.png]
[triper.dexignlab.com/xhtml/error-404.html]
[triper.dexignlab.com/xhtml/register-2.html]
[triper.dexignlab.com/xhtml/images/hotel/pic1.jpg]
[triper.dexignlab.com/xhtml/images/hotel/pic2.jpg]
[triper.dexignlab.com/xhtml/images/hotel/pic3.jpg]
[triper.dexignlab.com/xhtml/images/hotel/pic4.jpg]
[triper.dexignlab.com/xhtml/images/hotel/pic5.jpg]
[triper.dexignlab.com/xhtml/images/hotel/pic6.jpg]
[triper.dexignlab.com/xhtml/images/hotel/pic7.jpg]
[triper.dexignlab.com/xhtml/images/hotel/pic8.jpg]
[triper.dexignlab.com/xhtml/images/hotel/pic9.jpg]
[triper.dexignlab.com/xhtml/images/hotel/pic10.jpg]
[triper.dexignlab.com/xhtml/images/hotel/pic-thumb1.jpg]
[triper.dexignlab.com/xhtml/images/hotel/pic-thumb2.jpg]
[triper.dexignlab.com/xhtml/images/hotel/pic-thumb3.jpg]
[triper.dexignlab.com/xhtml/images/hotel/pic-thumb4.jpg]
[triper.dexignlab.com/xhtml/images/hotel/pic-thumb5.jpg]
[triper.dexignlab.com/xhtml/images/hotel/pic-thumb6.jpg]
[triper.dexignlab.com/xhtml/images/hotel/pic-thumb7.jpg]
[triper.dexignlab.com/xhtml/images/hotel/pic-thumb8.jpg]
[triper.dexignlab.com/xhtml/images/hotel/pic-thumb9.jpg]
[triper.dexignlab.com/xhtml/images/hotel/pic-thumb10.jpg]
[triper.dexignlab.com/xhtml/hotel-booking.html]
[triper.dexignlab.com/xhtml/images/blog/default/thum1.jpg]
[triper.dexignlab.com/xhtml/images/blog/default/thum4.jpg]
[triper.dexignlab.com/xhtml/blog-classic.html]
[triper.dexignlab.com/xhtml/blog-classic-sidebar.html]
[triper.dexignlab.com/xhtml/blog-detailed-grid.html]
[triper.dexignlab.com/xhtml/blog-detailed-grid-sidebar.html]
[triper.dexignlab.com/xhtml/blog-left-img.html]
[triper.dexignlab.com/xhtml/blog-details.html]
[triper.dexignlab.com/xhtml/portfolio-grid-2.html]
[triper.dexignlab.com/xhtml/portfolio-grid-3.html]
[triper.dexignlab.com/xhtml/portfolio-grid-4.html]
[www.google.com/recaptcha/api.js]
[triper.dexignlab.com/xhtml/contact.html]
[triper.dexignlab.com/xhtml/images/logo-white.png]
[dzassets.s3.amazonaws.com/w3-global.js]
[triper.dexignlab.com/xhtml/images/logo-1.png]
[triper.dexignlab.com/xhtml/images/logo-3.png]
[triper.dexignlab.com/xhtml/images/logo-4.png]
[triper.dexignlab.com/xhtml/js/combining.js]
[triper.dexignlab.com/xhtml/plugins/datepicker/js/moment.js]
[triper.dexignlab.com/xhtml/plugins/datepicker/js/bootstrap-datetimepicker.min.js]
[triper.dexignlab.com/xhtml/plugins/paroller/skrollr.min.js]
[triper.dexignlab.com/xhtml/plugins/revolution/revolution/js/jquery.themepunch.tools.min.js]
[triper.dexignlab.com/xhtml/plugins/revolution/revolution/js/jquery.themepunch.revolution.min.js]
[triper.dexignlab.com/xhtml/js/rev.slider.js]
[triper.dexignlab.com/xhtml/plugins/fontawesome/fonts/fontawesome-webfont3e6e.svg]
[triper.dexignlab.com/xhtml/plugins/line-awesome/fonts/line-awesomeeb4f.svg]
[triper.dexignlab.com/xhtml/plugins/themify/fonts/themify9f24.svg]
[triper.dexignlab.com/xhtml/plugins/simple-icon/fonts/Simple-Line-Iconsb26c.svg]
[triper.dexignlab.com/xhtml/images/loading.svg]
[triper.dexignlab.com/xhtml/plugins/revolution/revolution/fonts/revicons/revicons90c6.svg]
[triper.dexignlab.com/xhtml/plugins/revolution/revolution/css/openhand.html]
[triper.dexignlab.com/xhtml/plugins/revolution/revolution/css/closedhand.html]
[triper.dexignlab.com/xhtml/plugins/editor/jquery-te.png]
[triper.dexignlab.com/xhtml/plugins/editor/jquery-te-1.4.0.css]
[triper.dexignlab.com/xhtml/plugins/drop/imageuploadify.min.css]
[triper.dexignlab.com/xhtml/plugins/tag-editor/jquery.tag-editor.css]
[triper.dexignlab.com/xhtml/plugins/editor/jquery-te-1.4.0.min.js]
[triper.dexignlab.com/xhtml/plugins/drop/imageuploadify.min.js]
[triper.dexignlab.com/xhtml/plugins/tag-editor/jquery.caret.min.js]
[triper.dexignlab.com/xhtml/plugins/tag-editor/jquery.tag-editor.js]
[triper.dexignlab.com/xhtml/plugins/lightgallery/fonts/lgd641.eot]
[triper.dexignlab.com/xhtml/plugins/lightgallery/fonts/lgd41d.eot]
[triper.dexignlab.com/xhtml/plugins/lightgallery/fonts/lgd641.woff]
[triper.dexignlab.com/xhtml/plugins/lightgallery/fonts/lgd641.ttf]
[triper.dexignlab.com/xhtml/plugins/lightgallery/img/vimeo-play.png]
[triper.dexignlab.com/xhtml/plugins/lightgallery/img/video-play.png]
[triper.dexignlab.com/xhtml/plugins/lightgallery/img/youtube-play.png]
[triper.dexignlab.com/xhtml/plugins/lightgallery/img/loading.gif]
[triper.dexignlab.com/xhtml/plugins/lightgallery/css/lightgallery.min.css]
[triper.dexignlab.com/xhtml/plugins/lightgallery/js/lightgallery-all.min.js]
[triper.dexignlab.com/xhtml/js/map.script.js]
[triper.dexignlab.com/xhtml/plugins/calendar/calendar.css]
[triper.dexignlab.com/xhtml/plugins/calendar/moment.min.js]
[triper.dexignlab.com/xhtml/plugins/calendar/calendar.js]
[triper.dexignlab.com/xhtml/plugins/countdown/jquery.countdown.js]
[triper.dexignlab.com/xhtml/plugins/scroll/scrollbar.min.js]
[triper.dexignlab.com/xhtml/plugins/revolution/revolution/js/extensions/revolution.extension.actions.min.js]
[triper.dexignlab.com/xhtml/plugins/revolution/revolution/js/extensions/revolution.extension.carousel.min.js]
[triper.dexignlab.com/xhtml/plugins/revolution/revolution/js/extensions/revolution.extension.kenburn.min.js]
[triper.dexignlab.com/xhtml/plugins/revolution/revolution/js/extensions/revolution.extension.layeranimation.min.js]
[triper.dexignlab.com/xhtml/plugins/revolution/revolution/js/extensions/revolution.extension.navigation.min.js]
[triper.dexignlab.com/xhtml/plugins/revolution/revolution/js/extensions/revolution.extension.parallax.min.js]
[triper.dexignlab.com/xhtml/plugins/revolution/revolution/js/extensions/revolution.extension.slideanims.min.js]
[triper.dexignlab.com/xhtml/plugins/revolution/revolution/js/extensions/revolution.extension.video.min.js]
[triper.dexignlab.com/xhtml/plugins/revolution/revolution-addons/typewriter/js/revolution.addon.typewriter.min.js]
[triper.dexignlab.com/xhtml/plugins/revolution/revolution-addons/countdown/revolution.addon.countdown.min.js]
[triper.dexignlab.com/xhtml/css/skin/skin-2.css]
[triper.dexignlab.com/xhtml/css/skin/skin-3.css]
[triper.dexignlab.com/xhtml/css/skin/skin-4.css]
[triper.dexignlab.com/TweenLite.html]
[triper.dexignlab.com/xhtml/Version/index.html]
[triper.dexignlab.com/xhtml/plugins/lightgallery/fonts/lgd641.svg]
[secure-a.vimeocdn.com/js/froogaloop2.min.html]
